@ ../../srcs/builtin/env/exec_env.c execute (34)
@ ../../srcs/builtin/env/exec_env.c execute (34)
